// Jest Snapshot v1, https://goo.gl/fbAQLP

exports[`SplitGroup Tests Add and Remove buttons 1`] = `undefined`;

exports[`SplitGroup Tests Add and Remove buttons 2`] = `undefined`;

exports[`SplitGroup Tests Add entry and submit 1`] = `undefined`;

exports[`SplitGroup Tests ReRender 1`] = `undefined`;
